// Jest Snapshot v1, https://goo.gl/fbAQLP

exports[`renders ./components/cascader/demo/basic.md correctly 1`] = `
<span
  class="ant-cascader-picker"
  tabindex="0"
>
  <span
    class="ant-cascader-picker-label"
  />
  <input
    autocomplete="off"
    class="ant-input ant-cascader-input "
    placeholder="Please select"
    readonly=""
    type="text"
    value=""
  />
  <i
    aria-label="icon: down"
    class="anticon anticon-down ant-cascader-picker-arrow"
  >
    <svg
      aria-hidden="true"
      class=""
      fill="currentColor"
      focusable="false"
      height="1em"
      width="1em"
    >
      <use
        href="#down"
      />
    </svg>
  </i>
</span>
`;

exports[`renders ./components/cascader/demo/change-on-select.md correctly 1`] = `
<span
  class="ant-cascader-picker"
  tabindex="0"
>
  <span
    class="ant-cascader-picker-label"
  />
  <input
    autocomplete="off"
    class="ant-input ant-cascader-input "
    placeholder="Please select"
    readonly=""
    type="text"
    value=""
  />
  <i
    aria-label="icon: down"
    class="anticon anticon-down ant-cascader-picker-arrow"
  >
    <svg
      aria-hidden="true"
      class=""
      fill="currentColor"
      focusable="false"
      height="1em"
      width="1em"
    >
      <use
        href="#down"
      />
    </svg>
  </i>
</span>
`;

exports[`renders ./components/cascader/demo/custom-render.md correctly 1`] = `
<span
  class="ant-cascader-picker"
  style="width:100%"
  tabindex="0"
>
  <span
    class="ant-cascader-picker-label"
  >
    <span>
      Zhejiang / 
    </span>
    <span>
      Hangzhou / 
    </span>
    <span>
      West Lake (
      <a>
        752100
      </a>
      )
    </span>
  </span>
  <input
    autocomplete="off"
    class="ant-input ant-cascader-input "
    readonly=""
    type="text"
    value=""
  />
  <i
    aria-label="icon: close-circle"
    class="anticon anticon-close-circle ant-cascader-picker-clear"
    tabindex="-1"
  >
    <svg
      aria-hidden="true"
      class=""
      fill="currentColor"
      focusable="false"
      height="1em"
      width="1em"
    >
      <use
        href="#close-circle"
      />
    </svg>
  </i>
  <i
    aria-label="icon: down"
    class="anticon anticon-down ant-cascader-picker-arrow"
  >
    <svg
      aria-hidden="true"
      class=""
      fill="currentColor"
      focusable="false"
      height="1em"
      width="1em"
    >
      <use
        href="#down"
      />
    </svg>
  </i>
</span>
`;

exports[`renders ./components/cascader/demo/custom-trigger.md correctly 1`] = `
<span>
  UnselectÂ 
  <a
    href="#"
    tabindex="0"
  >
    Change city
  </a>
</span>
`;

exports[`renders ./components/cascader/demo/default-value.md correctly 1`] = `
<span
  class="ant-cascader-picker"
  tabindex="0"
>
  <span
    class="ant-cascader-picker-label"
  >
    Zhejiang / Hangzhou / West Lake
  </span>
  <input
    autocomplete="off"
    class="ant-input ant-cascader-input "
    readonly=""
    type="text"
    value=""
  />
  <i
    aria-label="icon: close-circle"
    class="anticon anticon-close-circle ant-cascader-picker-clear"
    tabindex="-1"
  >
    <svg
      aria-hidden="true"
      class=""
      fill="currentColor"
      focusable="false"
      height="1em"
      width="1em"
    >
      <use
        href="#close-circle"
      />
    </svg>
  </i>
  <i
    aria-label="icon: down"
    class="anticon anticon-down ant-cascader-picker-arrow"
  >
    <svg
      aria-hidden="true"
      class=""
      fill="currentColor"
      focusable="false"
      height="1em"
      width="1em"
    >
      <use
        href="#down"
      />
    </svg>
  </i>
</span>
`;

exports[`renders ./components/cascader/demo/disabled-option.md correctly 1`] = `
<span
  class="ant-cascader-picker"
  tabindex="0"
>
  <span
    class="ant-cascader-picker-label"
  />
  <input
    autocomplete="off"
    class="ant-input ant-cascader-input "
    placeholder="Please select"
    readonly=""
    type="text"
    value=""
  />
  <i
    aria-label="icon: down"
    class="anticon anticon-down ant-cascader-picker-arrow"
  >
    <svg
      aria-hidden="true"
      class=""
      fill="currentColor"
      focusable="false"
      height="1em"
      width="1em"
    >
      <use
        href="#down"
      />
    </svg>
  </i>
</span>
`;

exports[`renders ./components/cascader/demo/fields-name.md correctly 1`] = `
<span
  class="ant-cascader-picker"
  tabindex="0"
>
  <span
    class="ant-cascader-picker-label"
  />
  <input
    autocomplete="off"
    class="ant-input ant-cascader-input "
    placeholder="Please select"
    readonly=""
    type="text"
    value=""
  />
  <i
    aria-label="icon: down"
    class="anticon anticon-down ant-cascader-picker-arrow"
  >
    <svg
      aria-hidden="true"
      class=""
      fill="currentColor"
      focusable="false"
      height="1em"
      width="1em"
    >
      <use
        href="#down"
      />
    </svg>
  </i>
</span>
`;

exports[`renders ./components/cascader/demo/hover.md correctly 1`] = `
<span
  class="ant-cascader-picker"
  tabindex="0"
>
  <span
    class="ant-cascader-picker-label"
  />
  <input
    autocomplete="off"
    class="ant-input ant-cascader-input "
    placeholder="Please select"
    readonly=""
    type="text"
    value=""
  />
  <i
    aria-label="icon: down"
    class="anticon anticon-down ant-cascader-picker-arrow"
  >
    <svg
      aria-hidden="true"
      class=""
      fill="currentColor"
      focusable="false"
      height="1em"
      width="1em"
    >
      <use
        href="#down"
      />
    </svg>
  </i>
</span>
`;

exports[`renders ./components/cascader/demo/lazy.md correctly 1`] = `
<span
  class="ant-cascader-picker"
  tabindex="0"
>
  <span
    class="ant-cascader-picker-label"
  />
  <input
    autocomplete="off"
    class="ant-input ant-cascader-input "
    placeholder="Please select"
    readonly=""
    type="text"
    value=""
  />
  <i
    aria-label="icon: down"
    class="anticon anticon-down ant-cascader-picker-arrow"
  >
    <svg
      aria-hidden="true"
      class=""
      fill="currentColor"
      focusable="false"
      height="1em"
      width="1em"
    >
      <use
        href="#down"
      />
    </svg>
  </i>
</span>
`;

exports[`renders ./components/cascader/demo/search.md correctly 1`] = `
<span
  class="ant-cascader-picker ant-cascader-picker-show-search"
  tabindex="0"
>
  <span
    class="ant-cascader-picker-label"
  />
  <input
    autocomplete="off"
    class="ant-input ant-cascader-input "
    placeholder="Please select"
    type="text"
    value=""
  />
  <i
    aria-label="icon: down"
    class="anticon anticon-down ant-cascader-picker-arrow"
  >
    <svg
      aria-hidden="true"
      class=""
      fill="currentColor"
      focusable="false"
      height="1em"
      width="1em"
    >
      <use
        href="#down"
      />
    </svg>
  </i>
</span>
`;

exports[`renders ./components/cascader/demo/size.md correctly 1`] = `
<div>
  <span
    class="ant-cascader-picker ant-cascader-picker-large"
    tabindex="0"
  >
    <span
      class="ant-cascader-picker-label"
    />
    <input
      autocomplete="off"
      class="ant-input ant-cascader-input ant-input-lg"
      placeholder="Please select"
      readonly=""
      type="text"
      value=""
    />
    <i
      aria-label="icon: down"
      class="anticon anticon-down ant-cascader-picker-arrow"
    >
      <svg
        aria-hidden="true"
        class=""
        fill="currentColor"
        focusable="false"
        height="1em"
        width="1em"
      >
        <use
          href="#down"
        />
      </svg>
    </i>
  </span>
  <br />
  <br />
  <span
    class="ant-cascader-picker"
    tabindex="0"
  >
    <span
      class="ant-cascader-picker-label"
    />
    <input
      autocomplete="off"
      class="ant-input ant-cascader-input "
      placeholder="Please select"
      readonly=""
      type="text"
      value=""
    />
    <i
      aria-label="icon: down"
      class="anticon anticon-down ant-cascader-picker-arrow"
    >
      <svg
        aria-hidden="true"
        class=""
        fill="currentColor"
        focusable="false"
        height="1em"
        width="1em"
      >
        <use
          href="#down"
        />
      </svg>
    </i>
  </span>
  <br />
  <br />
  <span
    class="ant-cascader-picker ant-cascader-picker-small"
    tabindex="0"
  >
    <span
      class="ant-cascader-picker-label"
    />
    <input
      autocomplete="off"
      class="ant-input ant-cascader-input ant-input-sm"
      placeholder="Please select"
      readonly=""
      type="text"
      value=""
    />
    <i
      aria-label="icon: down"
      class="anticon anticon-down ant-cascader-picker-arrow"
    >
      <svg
        aria-hidden="true"
        class=""
        fill="currentColor"
        focusable="false"
        height="1em"
        width="1em"
      >
        <use
          href="#down"
        />
      </svg>
    </i>
  </span>
  <br />
  <br />
</div>
`;

exports[`renders ./components/cascader/demo/suffix.md correctly 1`] = `
<div>
  <span
    class="ant-cascader-picker"
    tabindex="0"
  >
    <span
      class="ant-cascader-picker-label"
    />
    <input
      autocomplete="off"
      class="ant-input ant-cascader-input "
      placeholder="Please select"
      readonly=""
      type="text"
      value=""
    />
    <i
      aria-label="icon: smile"
      class="anticon anticon-smile ant-cascader-picker-arrow"
    >
      <svg
        aria-hidden="true"
        class=""
        fill="currentColor"
        focusable="false"
        height="1em"
        width="1em"
      >
        <use
          href="#smile"
        />
      </svg>
    </i>
  </span>
  <span
    class="ant-cascader-picker"
    style="margin-top:1rem"
    tabindex="0"
  >
    <span
      class="ant-cascader-picker-label"
    />
    <input
      autocomplete="off"
      class="ant-input ant-cascader-input "
      placeholder="Please select"
      readonly=""
      type="text"
      value=""
    />
    <span
      class="ant-cascader-picker-arrow"
    >
      ab
    </span>
  </span>
</div>
`;
