// Jest Snapshot v1, https://goo.gl/fbAQLP

exports[`Tabs renderTabBar custom-tab-bar 1`] = `
<div
  class="ant-tabs ant-tabs-top ant-tabs-line"
>
  <div>
    custom-tab-bar
  </div>
  <div
    role="presentation"
    style="width:0;height:0;overflow:hidden;position:absolute"
    tabindex="0"
  />
  <div
    class="ant-tabs-content ant-tabs-content-animated ant-tabs-top-content"
    style="margin-left:0%"
  >
    <div
      aria-hidden="false"
      class="ant-tabs-tabpane ant-tabs-tabpane-active"
      role="tabpanel"
    >
      <div
        role="presentation"
        style="width:0;height:0;overflow:hidden;position:absolute"
        tabindex="0"
      />
      foo
      <div
        role="presentation"
        style="width:0;height:0;overflow:hidden;position:absolute"
        tabindex="0"
      />
    </div>
  </div>
  <div
    role="presentation"
    style="width:0;height:0;overflow:hidden;position:absolute"
    tabindex="0"
  />
</div>
`;

exports[`Tabs tabPosition remove card 1`] = `
<div
  class="ant-tabs ant-tabs-left ant-tabs-vertical ant-tabs-line"
>
  <div
    class="ant-tabs-bar ant-tabs-left-bar"
    role="tablist"
    tabindex="0"
  >
    <div
      class="ant-tabs-nav-container"
    >
      <span
        class="ant-tabs-tab-prev ant-tabs-tab-btn-disabled"
        unselectable="unselectable"
      >
        <span
          class="ant-tabs-tab-prev-icon"
        >
          <i
            aria-label="icon: up"
            class="anticon anticon-up ant-tabs-tab-prev-icon-target"
          >
            <svg
              aria-hidden="true"
              class=""
              fill="currentColor"
              focusable="false"
              height="1em"
              width="1em"
            >
              <use
                href="#up"
              />
            </svg>
          </i>
        </span>
      </span>
      <span
        class="ant-tabs-tab-next ant-tabs-tab-btn-disabled"
        unselectable="unselectable"
      >
        <span
          class="ant-tabs-tab-next-icon"
        >
          <i
            aria-label="icon: down"
            class="anticon anticon-down ant-tabs-tab-next-icon-target"
          >
            <svg
              aria-hidden="true"
              class=""
              fill="currentColor"
              focusable="false"
              height="1em"
              width="1em"
            >
              <use
                href="#down"
              />
            </svg>
          </i>
        </span>
      </span>
      <div
        class="ant-tabs-nav-wrap"
      >
        <div
          class="ant-tabs-nav-scroll"
        >
          <div
            class="ant-tabs-nav ant-tabs-nav-animated"
          >
            <div>
              <div
                aria-disabled="false"
                aria-selected="true"
                class="ant-tabs-tab-active ant-tabs-tab"
                role="tab"
              >
                foo
              </div>
            </div>
            <div
              class="ant-tabs-ink-bar ant-tabs-ink-bar-animated"
            />
          </div>
        </div>
      </div>
    </div>
    <div
      class="ant-tabs-extra-content"
    >
      xxx
    </div>
  </div>
  <div
    role="presentation"
    style="width:0;height:0;overflow:hidden;position:absolute"
    tabindex="0"
  />
  <div
    class="ant-tabs-content ant-tabs-content-animated ant-tabs-left-content"
    style="margin-top:0%"
  >
    <div
      aria-hidden="false"
      class="ant-tabs-tabpane ant-tabs-tabpane-active"
      role="tabpanel"
    >
      <div
        role="presentation"
        style="width:0;height:0;overflow:hidden;position:absolute"
        tabindex="0"
      />
      foo
      <div
        role="presentation"
        style="width:0;height:0;overflow:hidden;position:absolute"
        tabindex="0"
      />
    </div>
  </div>
  <div
    role="presentation"
    style="width:0;height:0;overflow:hidden;position:absolute"
    tabindex="0"
  />
</div>
`;
