// Jest Snapshot v1, https://goo.gl/fbAQLP

exports[`Select Select Custom Icons should support customized icons 1`] = `
<div
  class="ant-select ant-select-enabled"
>
  <div
    aria-autocomplete="list"
    aria-controls="test-uuid"
    aria-expanded="false"
    aria-haspopup="true"
    class="ant-select-selection
            ant-select-selection--single"
    role="combobox"
    tabindex="0"
  >
    <div
      class="ant-select-selection__rendered"
    />
    <span
      class="ant-select-arrow"
      unselectable="on"
    >
      <i
        aria-label="icon: down"
        class="anticon anticon-down ant-select-arrow-icon"
      >
        <svg
          aria-hidden="true"
          class=""
          fill="currentColor"
          focusable="false"
          height="1em"
          width="1em"
        >
          <use
            href="#down"
          />
        </svg>
      </i>
    </span>
  </div>
</div>
`;
