// Jest Snapshot v1, https://goo.gl/fbAQLP

exports[`DropdownButton should support href like Button 1`] = `
<div
  class="ant-btn-group ant-dropdown-button"
>
  <a
    class="ant-btn ant-btn-default"
    href="https://ant.design"
  />
  <button
    class="ant-btn ant-dropdown-trigger ant-btn-default ant-btn-icon-only"
    type="button"
  >
    <i
      aria-label="icon: ellipsis"
      class="anticon anticon-ellipsis"
    >
      <svg
        aria-hidden="true"
        class=""
        fill="currentColor"
        focusable="false"
        height="1em"
        width="1em"
      >
        <use
          href="#ellipsis"
        />
      </svg>
    </i>
  </button>
</div>
`;
