// Jest Snapshot v1, https://goo.gl/fbAQLP

exports[`Table.sorter renders sorter icon correctly 1`] = `
<thead
  class="ant-table-thead"
>
  <tr>
    <th
      class="ant-table-column-has-actions ant-table-column-has-sorters"
    >
      <div
        class="ant-table-column-sorters"
      >
        Name
        <div
          class="ant-table-column-sorter"
          title="Sort"
        >
          <i
            aria-label="icon: caret-up"
            class="anticon anticon-caret-up ant-table-column-sorter-up off"
          >
            <svg
              aria-hidden="true"
              class=""
              fill="currentColor"
              focusable="false"
              height="1em"
              width="1em"
            >
              <use
                href="#caret-up"
              />
            </svg>
          </i>
          <i
            aria-label="icon: caret-down"
            class="anticon anticon-caret-down ant-table-column-sorter-down off"
          >
            <svg
              aria-hidden="true"
              class=""
              fill="currentColor"
              focusable="false"
              height="1em"
              width="1em"
            >
              <use
                href="#caret-down"
              />
            </svg>
          </i>
        </div>
      </div>
    </th>
  </tr>
</thead>
`;
