// Jest Snapshot v1, https://goo.gl/fbAQLP

exports[`Drawer render correctly 1`] = `
<div>
  <button
    class="ant-btn"
    type="button"
  >
    <span>
      open
    </span>
  </button>
  <div
    class=""
  >
    <div
      class="ant-drawer ant-drawer-right ant-drawer-open"
    >
      <div
        class="ant-drawer-mask"
      />
      <div
        class="ant-drawer-content-wrapper"
        style="width: 256px;"
      >
        <div
          class="ant-drawer-content"
        >
          <div
            class="ant-drawer-wrapper-body"
            style="overflow: auto; height: 100%;"
          >
            <div
              class="ant-drawer-header-no-title"
            >
              <button
                aria-label="Close"
                class="ant-drawer-close"
              >
                <i
                  aria-label="icon: close"
                  class="anticon anticon-close"
                >
                  <svg
                    aria-hidden="true"
                    class=""
                    fill="currentColor"
                    focusable="false"
                    height="1em"
                    width="1em"
                  >
                    <use
                      href="#close"
                    />
                  </svg>
                </i>
              </button>
            </div>
            <div
              class="ant-drawer-body"
            >
              Here is content of Drawer
            </div>
          </div>
        </div>
      </div>
    </div>
  </div>
</div>
`;
