// Jest Snapshot v1, https://goo.gl/fbAQLP

exports[`Popconfirm should show overlay when trigger is clicked 1`] = `"<div class=\\"ant-popover-content\\"><div class=\\"ant-popover-arrow\\"></div><div class=\\"ant-popover-inner\\" role=\\"tooltip\\"><div><div class=\\"ant-popover-inner-content\\"><div class=\\"ant-popover-message\\"><i aria-label=\\"icon: exclamation-circle\\" class=\\"anticon anticon-exclamation-circle\\"><svg width=\\"1em\\" height=\\"1em\\" fill=\\"currentColor\\" aria-hidden=\\"true\\" focusable=\\"false\\" class=\\"\\"><use xlink:href=\\"#exclamation-circle\\"></use></svg></i><div class=\\"ant-popover-message-title\\">code</div></div><div class=\\"ant-popover-buttons\\"><button type=\\"button\\" class=\\"ant-btn ant-btn-sm\\"><span>Cancel</span></button><button type=\\"button\\" class=\\"ant-btn ant-btn-primary ant-btn-sm\\"><span>OK</span></button></div></div></div></div></div>"`;

exports[`Popconfirm should show overlay when trigger is clicked 2`] = `"<div class=\\"ant-popover-content\\"><div class=\\"ant-popover-arrow\\"></div><div class=\\"ant-popover-inner\\" role=\\"tooltip\\"><div><div class=\\"ant-popover-inner-content\\"><div class=\\"ant-popover-message\\"><i aria-label=\\"icon: exclamation-circle\\" class=\\"anticon anticon-exclamation-circle\\"><svg width=\\"1em\\" height=\\"1em\\" fill=\\"currentColor\\" aria-hidden=\\"true\\" focusable=\\"false\\" class=\\"\\"><use xlink:href=\\"#exclamation-circle\\"></use></svg></i><div class=\\"ant-popover-message-title\\">code</div></div><div class=\\"ant-popover-buttons\\"><button type=\\"button\\" class=\\"ant-btn ant-btn-sm\\"><span>Cancel</span></button><button type=\\"button\\" class=\\"ant-btn ant-btn-primary ant-btn-sm\\"><span>OK</span></button></div></div></div></div></div>"`;
