// Jest Snapshot v1, https://goo.gl/fbAQLP

exports[`TimePicker not render clean icon when allowClear is false 1`] = `
<span
  class="ant-time-picker "
>
  <input
    class="ant-time-picker-input"
    id=""
    placeholder="Select time"
    type="text"
    value="00:00:00"
  />
  <span
    class="ant-time-picker-icon"
  >
    <i
      aria-label="icon: clock-circle"
      class="anticon anticon-clock-circle ant-time-picker-clock-icon"
    >
      <svg
        aria-hidden="true"
        class=""
        fill="currentColor"
        focusable="false"
        height="1em"
        width="1em"
      >
        <use
          href="#clock-circle"
        />
      </svg>
    </i>
  </span>
</span>
`;

exports[`TimePicker renders addon correctly 1`] = `
<div
  class="ant-time-picker-panel-addon"
>
  <button
    type="button"
  >
    Ok
  </button>
</div>
`;
